# Test cases for print_square function
>>> from 4-print_square import print_square

# Test Case 1: Regular square with size 4
>>> print_square(4)
####
####
####
####

# Test Case 2: Larger square with size 10
>>> print_square(10)
##########
##########
##########
##########
##########
##########
##########
##########
##########
##########

# Test Case 3: Empty square with size 0
>>> print_square(0)

# Test Case 4: Square with size 1
>>> print_square(1)
#

# Test Case 5: Square with negative size (should raise a ValueError)
>>> print_square(-1)
Traceback (most recent call last):
    ...
ValueError: size must be >= 0

# Test Case 6: Size as a float (should raise a TypeError)
>>> print_square(4.5)
Traceback (most recent call last):
    ...
TypeError: size must be an integer
